// Jest Snapshot v1, https://goo.gl/fbAQLP

exports[`MailLink renders 1`] = `
.c0 {
  background: url(mail.png);
  background-size: 64px 64px;
  width: 64px;
  height: 64px;
  float: right;
  -webkit-filter: grayscale(1);
  filter: grayscale(1);
}

.c0:hover {
  -webkit-filter: none;
  filter: none;
}

<a
  aria-label="mail"
  class="c0"
  href="#"
/>
`;
