// Jest Snapshot v1, https://goo.gl/fbAQLP

exports[`Background renders 1`] = `
.c0 {
  height: 100%;
  width: 100%;
  position: fixed;
  z-index: -1;
  object-fit: cover;
  -webkit-animation-duration: 4s;
  animation-duration: 4s;
  -webkit-animation-fill-mode: both;
  animation-fill-mode: both;
}

.c1 {
  -webkit-animation-name: fadeIn;
  animation-name: fadeIn;
}

<img
  alt="Background"
  class="c0 c1"
  src="background-low.jpg"
/>
`;

exports[`Background renders using other background 1`] = `
.c0 {
  height: 100%;
  width: 100%;
  position: fixed;
  z-index: -1;
  object-fit: cover;
  -webkit-animation-duration: 4s;
  animation-duration: 4s;
  -webkit-animation-fill-mode: both;
  animation-fill-mode: both;
}

.c1 {
  -webkit-animation-name: fadeIn;
  animation-name: fadeIn;
}

<img
  alt="Background"
  class="c0 c1"
  src="background-low.jpg"
/>
`;
