// Jest Snapshot v1, https://goo.gl/fbAQLP

exports[`Letter renders 1`] = `
.c2 {
  width: 20px;
  display: inline-block;
}

.c1 {
  color: #000000;
  -webkit-text-decoration: none;
  text-decoration: none;
  font-weight: bold;
  -webkit-transition: color 0.5s ease;
  transition: color 0.5s ease;
}

.c1:hover {
  color: #c9282d;
}

.c3 {
  border-left: 5px solid #333333;
  padding-left: 10px;
  -webkit-user-select: none;
  -moz-user-select: none;
  -ms-user-select: none;
  user-select: none;
  -webkit-transition: color 0.5s ease;
  transition: color 0.5s ease;
}

.c3:hover {
  color: #c9282d;
  cursor: pointer;
}

.c4 {
  text-align: right;
  color: #000000;
}

.c0 {
  position: relative;
  background: url(note.jpg);
  border-radius: 1px;
  margin-bottom: 20px;
  padding: 20px;
  box-shadow: 0 4px 5px 0 rgba(0,0,0,0.14),0 1px 10px 0 rgba(0,0,0,0.12), 0 2px 4px -1px rgba(0,0,0,0.2);
  -webkit-transition: box-shadow 0.5s ease;
  transition: box-shadow 0.5s ease;
}

.c0:hover {
  box-shadow: 0 9px 12px 1px rgba(0,0,0,0.14), 0 3px 16px 2px rgba(0,0,0,0.12),0 5px 6px -3px rgba(0,0,0,0.2);
}

<div
  class="c0"
>
  <p>
    Dear
     
    <a
      class="c1"
      color="#000000"
      href="https://whatsmybrowser.org/"
    >
      Reader
    </a>
    ,
  </p>
  <p>
    <a
      class="c1"
      color="#000000"
      href="https://facebook.com/mrodalgaard"
    >
      Martin Rodalgaard
    </a>
     
    is a 
    <span
      class="c2"
    >
      0
    </span>
     year old engineer living in Aarhus, Denmark, with his wonderful girlfriend Rikke and children Gry and Thor.
  </p>
  <p>
    He is educated in
     
    <a
      class="c1"
      color="#000000"
      href="https://linkedin.com/in/mrodalgaard"
    >
      Electrical Engineering
    </a>
     
    specialised in Embedded Systems and
     
    <a
      class="c1"
      color="#000000"
      href="https://github.com/mrodalgaard"
    >
      Programming
    </a>
    . He currently works at
     
    <a
      class="c1"
      color="#000000"
      href="https://trifork.com"
    >
      Trifork A/S
    </a>
     
    as a Software Pilot creating mobile and web apps for customers.
  </p>
  <p>
    Martin loves
     
    <a
      class="c1"
      color="#000000"
      href="#"
    >
      colors
    </a>
    , big city traveling, skiing, watching movie classics and reading biographies.
  </p>
  <p>
    The gear he 
    <u>
      can
    </u>
     live without (but doesn't want to) includes his 16" MacBook Pro, a broken iPhone X, an old Canon 550D, a converted Giant racing bike and an Omega Seamaster on his wrist.
  </p>
  <div
    class="c3"
  >
    <i>
      "Text"
    </i>
    <p
      class="c4"
      color="#000000"
    >
      - 
      Author
    </p>
  </div>
</div>
`;
