// Jest Snapshot v1, https://goo.gl/fbAQLP

exports[`Link renders 1`] = `
.c0 {
  color: #000000;
  -webkit-text-decoration: underline;
  text-decoration: underline;
  cursor: pointer;
  -webkit-transition: color 0.5s ease;
  transition: color 0.5s ease;
}

.c0:hover {
  color: #c9282d;
}

<a
  class="c0"
  href="#"
>
  Mock
</a>
`;
